D:\Git Project\onlinebookstore\src\main\java\com\bittercode\util\StoreUtil.java
D:\Git Project\onlinebookstore\src\main\java\servlets\CheckoutServlet.java
D:\Git Project\onlinebookstore\src\main\java\servlets\CustomerRegisterServlet.java
D:\Git Project\onlinebookstore\src\main\java\com\bittercode\service\impl\BookServiceImpl.java
D:\Git Project\onlinebookstore\src\main\java\servlets\ProcessPaymentServlet.java
D:\Git Project\onlinebookstore\src\main\java\servlets\RemoveBookServlet.java
D:\Git Project\onlinebookstore\src\main\java\servlets\UpdateBookServlet.java
D:\Git Project\onlinebookstore\src\main\java\servlets\CartServlet.java
D:\Git Project\onlinebookstore\src\main\java\com\bittercode\service\impl\UserServiceImpl.java
D:\Git Project\onlinebookstore\src\main\java\servlets\LogoutServlet.java
D:\Git Project\onlinebookstore\src\main\java\com\bittercode\constant\db\UsersDBConstants.java
D:\Git Project\onlinebookstore\src\main\java\servlets\ErrorHandlerServlet.java
D:\Git Project\onlinebookstore\src\main\java\servlets\ViewBookServlet.java
D:\Git Project\onlinebookstore\src\main\java\com\bittercode\model\UserRole.java
D:\Git Project\onlinebookstore\src\main\java\com\bittercode\model\Book.java
D:\Git Project\onlinebookstore\src\main\java\servlets\CustomerLoginServlet.java
D:\Git Project\onlinebookstore\src\main\java\com\bittercode\util\DatabaseConfig.java
D:\Git Project\onlinebookstore\src\main\java\servlets\StoreBookServlet.java
D:\Git Project\onlinebookstore\src\main\java\servlets\AboutServlet.java
D:\Git Project\onlinebookstore\src\main\java\com\bittercode\constant\db\BooksDBConstants.java
D:\Git Project\onlinebookstore\src\main\java\com\bittercode\model\package-info.java
D:\Git Project\onlinebookstore\src\main\java\com\bittercode\constant\BookStoreConstants.java
D:\Git Project\onlinebookstore\src\main\java\com\bittercode\util\DBUtil.java
D:\Git Project\onlinebookstore\src\main\java\servlets\SellerLoginServlet.java
D:\Git Project\onlinebookstore\src\main\java\com\bittercode\model\Address.java
D:\Git Project\onlinebookstore\src\main\java\com\bittercode\service\BookService.java
D:\Git Project\onlinebookstore\src\main\java\com\bittercode\model\StoreException.java
D:\Git Project\onlinebookstore\src\main\java\com\bittercode\model\Cart.java
D:\Git Project\onlinebookstore\src\main\java\servlets\ReceiptServlet.java
D:\Git Project\onlinebookstore\src\main\java\com\bittercode\constant\ResponseCode.java
D:\Git Project\onlinebookstore\src\main\java\com\bittercode\model\User.java
D:\Git Project\onlinebookstore\src\main\java\servlets\AddBookServlet.java
D:\Git Project\onlinebookstore\src\main\java\servlets\BuyBooksServlet.java
D:\Git Project\onlinebookstore\src\main\java\com\bittercode\service\UserService.java
